// Jest Snapshot v1, https://goo.gl/fbAQLP

exports[`ClientBase should print info from fetch method 1`] = `
"ClientBase.fetch: start
ClientBase.fetch: skip=0, pageSize=30
ClientBase.fetch:   count=30
ClientBase.fetch: skip=30, pageSize=30
ClientBase.fetch:   count=30
ClientBase.fetch: skip=60, pageSize=30
ClientBase.fetch:   count=30
ClientBase.fetch: skip=90, pageSize=30
ClientBase.fetch:   count=10
ClientBase.fetch: done
"
`;

exports[`ClientBase should print info from fetch method(limit) 1`] = `
"ClientBase.fetch: start limit=50
ClientBase.fetch: skip=0, pageSize=30
ClientBase.fetch:   count=30
ClientBase.fetch: skip=30, pageSize=20
ClientBase.fetch:   count=20
ClientBase.fetch: done
"
`;
